[36mvite v5.4.21 [32mbuilding for production...[36m[39m
transforming...
[32mâœ“[39m 221 modules transformed.
node.exe : [31mx[39m 
Build failed in 3.03s
At line:1 char:1
+ & "C:\Program 
Files\nodejs/node.exe" 
"C:\Users\mituz\AppData
\Roaming\ ...
+ ~~~~~~~~~~~~~~~~~~~~~
~~~~~~~~~~~~~~~~~~~~~~~
~~~~~~~~~~~~~~~~~~~~~~~
~~
    + CategoryInfo     
         : NotSpecifi  
  ed: ([31mx[39m B   
 uild failed in 3.0    
3s:String) [], Rem    
oteException
    + FullyQualifiedEr 
   rorId : NativeComm  
  andError
 
[31merror during 
build:
[31msrc/pages/sales/Sa
lesquotes.jsx (6:9): 
"getQuoteStatus" is 
not exported by "src/se
rvices/quotationService
.js", imported by "src/
pages/sales/Salesquotes
.jsx".[31m
file: [36mC:/Users/mit
uz/Desktop/Minh-Thang--
-Plastic-Cabinet-Worksh
op-Management-System/fr
ontend/src/pages/sales/
Salesquotes.jsx:6:9[31
m
[33m
4: import { EditQuote 
}   from "./EditQuote";
5: import { 
useQuotations } from ".
./../hooks/useQuotation
s";
6: import { 
getQuoteStatus } from "
../../services/quotatio
nService";
            ^
7: import 
quotationService from "
../../services/quotatio
nService";
[31m
    at getRollupError (
file:///C:/Users/mituz/
Desktop/Minh-Thang---Pl
astic-Cabinet-Workshop-
Management-System/front
end/node_modules/rollup
/dist/es/shared/parseAs
t.js:402:41)
    at error (file:///C
:/Users/mituz/Desktop/M
inh-Thang---Plastic-Cab
inet-Workshop-Managemen
t-System/frontend/node_
modules/rollup/dist/es/
shared/parseAst.js:398:
42)
    at Module.error (fi
le:///C:/Users/mituz/De
sktop/Minh-Thang---Plas
tic-Cabinet-Workshop-Ma
nagement-System/fronten
d/node_modules/rollup/d
ist/es/shared/node-entr
y.js:17040:16)
    at 
Module.traceVariable (f
ile:///C:/Users/mituz/D
esktop/Minh-Thang---Pla
stic-Cabinet-Workshop-M
anagement-System/fronte
nd/node_modules/rollup/
dist/es/shared/node-ent
ry.js:17452:29)
    at ModuleScope.find
Variable (file:///C:/Us
ers/mituz/Desktop/Minh-
Thang---Plastic-Cabinet
-Workshop-Management-Sy
stem/frontend/node_modu
les/rollup/dist/es/shar
ed/node-entry.js:15070:
39)
    at ReturnValueScope
.findVariable (file:///
C:/Users/mituz/Desktop/
Minh-Thang---Plastic-Ca
binet-Workshop-Manageme
nt-System/frontend/node
_modules/rollup/dist/es
/shared/node-entry.js:5
673:38)
    at FunctionBodyScop
e.findVariable (file://
/C:/Users/mituz/Desktop
/Minh-Thang---Plastic-C
abinet-Workshop-Managem
ent-System/frontend/nod
e_modules/rollup/dist/e
s/shared/node-entry.js:
5673:38)
    at Identifier.bind 
(file:///C:/Users/mituz
/Desktop/Minh-Thang---P
lastic-Cabinet-Workshop
-Management-System/fron
tend/node_modules/rollu
p/dist/es/shared/node-e
ntry.js:5447:40)
    at 
CallExpression.bind (fi
le:///C:/Users/mituz/De
sktop/Minh-Thang---Plas
tic-Cabinet-Workshop-Ma
nagement-System/fronten
d/node_modules/rollup/d
ist/es/shared/node-entr
y.js:2829:23)
    at 
CallExpression.bind (fi
le:///C:/Users/mituz/De
sktop/Minh-Thang---Plas
tic-Cabinet-Workshop-Ma
nagement-System/fronten
d/node_modules/rollup/d
ist/es/shared/node-entr
y.js:12179:15)[39m
npm notice
npm notice New minor 
version of npm 
available! 11.6.2 -> 
11.11.1
npm notice Changelog: h
ttps://github.com/npm/c
li/releases/tag/v11.11.
1
npm notice To update 
run: npm install -g 
npm@11.11.1
npm notice
